
> instainventory@0.1.0 build
> next build

  ▲ Next.js 14.2.3

   Creating an optimized production build ...
 ✓ Compiled successfully
   Linting and checking validity of types ...
   Collecting page data ...
   Generating static pages (0/3) ...
 ✓ Generating static pages (3/3)
   Finalizing page optimization ...
   Collecting build traces ...

Route (app)                              Size     First Load JS
┌ ○ /_not-found                          871 B          87.9 kB
├ ƒ /[locale]                            1.5 kB         88.5 kB
├ ƒ /[locale]/dashboard                  1.5 kB         88.5 kB
├ ƒ /[locale]/login                      1.01 kB         149 kB
└ ƒ /[locale]/signup                     1.24 kB         149 kB
+ First Load JS shared by all            87 kB
  ├ chunks/23-60fece4b50a68a94.js        31.5 kB
  ├ chunks/fd9d1056-be48aeae6e94b8d1.js  53.6 kB
  └ other shared chunks (total)          1.95 kB


ƒ Middleware                             84.5 kB

○  (Static)   prerendered as static content
ƒ  (Dynamic)  server-rendered on demand

